{"products":[{"name":"Hammer","sku":738594937},{},{"color":"gray","name":"Nail","sku":284758393}]}