{"clients":{"data":[["gamma","delta"],[1,2]],"hosts":["alpha","omega"]},"database":{"connection_max":5000,"enabled":true,"ports":[8000,8001,8002],"server":"192.168.1.1"},"owner":{"dob":"1979-05-27T15:32:00Z","name":"Tom Preston-Werner"},"servers":{"alpha":{"dc":"eqdc10","ip":"10.0.0.1"},"beta":{"dc":"eqdc10","ip":"10.0.0.2"}},"title":"TOML Example"}