{"flt1":10.0,"flt2":31415.0,"flt3":-1.0,"flt4":9223372036854775803,"flt5":1000000,"flt6":-2,"flt7":6626.0}