{"apos15":"Here are fifteen apostrophes: '''''''''''''''","quot15":"Here are fifteen quotation marks: \"\"\"\"\"\"\"\"\"\"\"\"\"\"\"","str":"'That,' she said, 'is still pointless.'"}