{"lines":"The first newline is
trimmed in raw strings.
   All other whitespace
   is preserved.
","regex2":"I [dw]on't need \d{2} apples"}