{"odt1":1979-05-27T07:32:00Z,"odt2":1979-05-27T07:32:00Z,"odt3":1979-05-27T07:32:00.999999Z}