{"breed":"pug","name":"Fido","owner":{"member_since":"1999-08-04","name":"Regina Dogman"}}