{"sf1":Infinity,"sf2":Infinity,"sf3":Infinity,"sf4":NaN,"sf5":NaN,"sf6":NaN}