{"fruit":{"color":"yellow","flavor":"banana","name":"banana"}}