{"animal":{"type":{"name":"pug"}},"name":{"first":"Tom","last":"Preston-Werner"},"point":{"x":1,"y":2}}