{"bin1":214,"hex1":3735928559,"hex2":3735928559,"hex3":3735928559,"oct1":342391,"oct2":493}