{"":"blank","127.0.0.1":"value","character encoding":"value","key2":"value","quoted \"value\"":"value","ʎǝʞ":"value"}