{"fruits":[{"name":"apple","physical":{"color":"red","shape":"round"},"varieties":[{"name":"red delicious"},{"name":"granny smith"}]},{"name":"banana","varieties":[{"name":"plantain"}]}]}