{"1234":"value","bare-key":"value","bare_key":"value","key":"value"}