{"another":"# This is not a comment","key":"value"}