{"apple":{"color":"red","skin":"thin","type":"fruit"},"orange":{"color":"orange","skin":"thick","type":"fruit"}}