{"x":{"y":{"z":{"a":{"name":"a","start":true},"alphabet":true}}}}